// Jest Snapshot v1, https://goo.gl/fbAQLP

exports[`<AsidePosts /> should render the heading and image correctly 1`] = `
.c0 {
  display: -webkit-box;
  display: -webkit-flex;
  display: -ms-flexbox;
  display: flex;
  gap: 1rem;
  height: 100%;
  cursor: pointer;
  -webkit-text-decoration: none;
  text-decoration: none;
  margin: 2.4rem 0;
}

.c1 {
  border-radius: 0.8rem;
  width: 10rem;
  height: 10rem;
  object-fit: cover;
}

.c2 {
  font-size: 1.5rem;
  height: 100%;
  margin: 0;
  color: #4d4d4d;
}

.c2:hover {
  -webkit-text-decoration: underline;
  text-decoration: underline;
}

<div
  class=""
>
  <a
    class="c0"
    href="/cat-slug/slug-title"
  >
    <img
      alt="title"
      class="c1"
      src="https://res.cloudinary.com/rabbitz/image/upload/v1637872830/20211025_eternos_chloe_4d8e2e78a0.jpg"
    />
    <h4
      class="c2"
    >
      title
    </h4>
  </a>
</div>
`
